// Jest Snapshot v1, https://goo.gl/fbAQLP

exports[`le rendu du composant correspond à un instantané (snapshot) précédemment enregistré. 1`] = `
<DocumentFragment>
  <div>
    <h2>
      Tâches terminées
    </h2>
    <ul>
      <li>
        Tâche 1
      </li>
    </ul>
  </div>
</DocumentFragment>
`;
